../Drivers/STM32F1xx_HAL_Driver/Inc/stm32f1xx_ll_bus.h:445:22:LL_APB1_GRP1_EnableClock	8	static
../Drivers/STM32F1xx_HAL_Driver/Inc/stm32f1xx_ll_bus.h:761:22:LL_APB2_GRP1_EnableClock	8	static
../Drivers/CMSIS/Include/core_cm3.h:1686:26:NVIC_EncodePriority.constprop	0	static
../Core/Src/main.c:307:6:SystemClock_Config	8	static
../Core/Src/main.c:584:6:runApp	16	static,ignoring_inline_asm
../Core/Src/main.c:615:9:getch	0	static
../Core/Src/main.c:631:6:putch	0	static
../Core/Src/main.c:647:9:verifySpace	8	static
../Core/Src/main.c:657:6:bgetNch	8	static
../Core/Src/main.c:88:5:main	96	static
../Core/Src/main.c:671:6:Error_Handler	0	static,ignoring_inline_asm
