../Drivers/STM32F1xx_HAL_Driver/Src/stm32f1xx_ll_tim.c:167:13:LL_TIM_DeInit	0	static
../Drivers/STM32F1xx_HAL_Driver/Src/stm32f1xx_ll_tim.c:305:6:LL_TIM_StructInit	0	static
../Drivers/STM32F1xx_HAL_Driver/Src/stm32f1xx_ll_tim.c:324:13:LL_TIM_Init	0	static
../Drivers/STM32F1xx_HAL_Driver/Src/stm32f1xx_ll_tim.c:376:6:LL_TIM_OC_StructInit	0	static
../Drivers/STM32F1xx_HAL_Driver/Src/stm32f1xx_ll_tim.c:403:13:LL_TIM_OC_Init	12	static
../Drivers/STM32F1xx_HAL_Driver/Src/stm32f1xx_ll_tim.c:435:6:LL_TIM_IC_StructInit	0	static
../Drivers/STM32F1xx_HAL_Driver/Src/stm32f1xx_ll_tim.c:458:13:LL_TIM_IC_Init	8	static
../Drivers/STM32F1xx_HAL_Driver/Src/stm32f1xx_ll_tim.c:489:6:LL_TIM_ENCODER_StructInit	0	static
../Drivers/STM32F1xx_HAL_Driver/Src/stm32f1xx_ll_tim.c:512:13:LL_TIM_ENCODER_Init	12	static
../Drivers/STM32F1xx_HAL_Driver/Src/stm32f1xx_ll_tim.c:575:6:LL_TIM_HALLSENSOR_StructInit	0	static
../Drivers/STM32F1xx_HAL_Driver/Src/stm32f1xx_ll_tim.c:603:13:LL_TIM_HALLSENSOR_Init	20	static
../Drivers/STM32F1xx_HAL_Driver/Src/stm32f1xx_ll_tim.c:682:6:LL_TIM_BDTR_StructInit	0	static
../Drivers/STM32F1xx_HAL_Driver/Src/stm32f1xx_ll_tim.c:708:13:LL_TIM_BDTR_Init	0	static
